-- file Name: terminaltestcases.txt
-- file Author: Marco Borth, 2894114
-- description: text file containing all Test cases for functions tested with Linux Terminal.

-- All Test Cases for Num n with all eval functions
*Main> evalAE (Num 5)
5
*Main> evalAE (Num (-5))
*** Exception: ERROR: Only Natural Numbers are Allowed
CallStack (from HasCallStack):
  error, called at project1.hs:108:10 in main:Main
*Main> evalAEMaybe (Num 5)
Just 5
*Main> evalAEMaybe (Num (-5))
Just *** Exception: ERROR: Only Natural Numbers are Allowed
CallStack (from HasCallStack):
  error, called at project1.hs:108:10 in main:Main
*Main> evalM (Num (5))
Just 5
*Main> evalM (Num (-55))
Just *** Exception: ERROR: Only Natural Numbers are Allowed
CallStack (from HasCallStack):
  error, called at project1.hs:108:10 in main:Main



-- All Test Cases with Plus l r with all eval functions
*Main> evalAE (Plus (Num 3) (Num 8))
11
*Main> evalAE (Plus (Num 5) (Num 8))
13
*Main> evalAE ( Plus (Num 0) (Num 1) )
1
*Main> evalAE ( Plus (Num 0) (Num 0) )
0
*Main> evalAEMaybe (Plus (Num 5) (Num (3)))
Just 8
*Main> evalAEMaybe (Plus (Num (-3)) (Num 4))
*** Exception: ERROR: Only Natural Numbers are Allowed
CallStack (from HasCallStack):
  error, called at project1.hs:108:10 in main:Main
*Main> evalM (Plus (Num (9)) (Num (5)))
Just 14
*Main> evalM (Plus (Num (-3)) (Num 4))
*** Exception: ERROR: Only Natural Numbers are Allowed
CallStack (from HasCallStack):
  error, called at project1.hs:108:10 in main:Main



-- All Test Cases with Minus l r with all eval functions
*Main> evalAE (Minus (Num 5) (Num 0))
5
*Main> evalAE (Minus (Num 0) (Num 0))
0
*Main> evalAE ( Minus (Num 9) (Num 6) )
3
*Main> evalAE ( Minus (Num 9) (Num 9) )
0
*Main> evalAE (Minus (Num (-4)) (Num 5))
*** Exception: ERROR: Only Natural Numbers are Allowed
CallStack (from HasCallStack):
  error, called at project1.hs:108:10 in main:Main
*Main> evalAE ( Minus (Num 8) (Num 9) )
*** Exception: ERROR: Resulting Difference must be Natural
CallStack (from HasCallStack):
  error, called at project1.hs:120:14 in main:Main
*Main> evalAEMaybe ( Minus (Num 8) (Num 7) )
Just 1
*Main> evalAEMaybe ( Minus (Num 7) (Num 8) )
Nothing
*Main> evalM ( Minus (Num 7) (Num 1) )
Just 6
*Main> evalM ( Minus (Num 6) (Num 7) )
Nothing



-- All Test Cases with Mult l r with all eval functions
*Main> evalAE (Mult (Num 4) (Num 6))
24
*Main> evalAE (Mult (Num 4) (Num 0))
0
*Main> evalAE (Mult (Num (-4)) (Num 6))
*** Exception: ERROR: Only Natural Numbers are Allowed
CallStack (from HasCallStack):
  error, called at project1.hs:108:10 in main:Main
*Main> evalAEMaybe (Mult (Num 4) (Num 6))
Just 24
*Main> evalAEMaybe (Mult (Num (-3)) (Num 4))
*** Exception: ERROR: Only Natural Numbers are Allowed
CallStack (from HasCallStack):
  error, called at project1.hs:108:10 in main:Main
*Main> evalM (Mult (Num 4) (Num 6))
Just 24
*Main> evalM (Mult (Num (-3)) (Num 4))
*** Exception: ERROR: Only Natural Numbers are Allowed
CallStack (from HasCallStack):
  error, called at project1.hs:108:10 in main:Main



-- All Test Cases with Div l r with all eval functions
*Main> evalAE (Div (Num (5)) (Num 5))
1
*Main> evalAE (Div (Num (5)) (Num 2))
2
*Main> evalAE (Div (Num (5)) (Num 1))
5
*Main> evalAE (Div (Num (0)) (Num 1))
0
*Main> evalAE (Div (Num (7)) (Num 0))
*** Exception: ERROR: Cannot divide by '0'
CallStack (from HasCallStack):
  error, called at project1.hs:131:14 in main:Main
*Main> evalAE (Div (Num (-7)) (Num 7))
*** Exception: ERROR: Only Natural Numbers are Allowed
CallStack (from HasCallStack):
  error, called at project1.hs:108:10 in main:Main
*Main> evalAEMaybe (Div (Num (7)) (Num 2))
Just 3
*Main> evalAEMaybe (Div (Num (7)) (Num 0))
Nothing
*Main> evalM (Div (Num (7)) (Num 3))
Just 2
*Main> evalM (Div (Num (7)) (Num 0))
Nothing



-- All Test Cases with If0 c l r with all eval functions
*Main> evalAE (If0 (Num 5) (Num 7) (Num 9))
9
*Main> evalAE (If0 (Num 2) (Num 7) (Num 9))
9
*Main> evalAE (If0 (Num 2) (Num 7) (Num 4))
4
*Main> evalAE (If0 (Num 2) (Num 8) (Num 4))
4
*Main> evalAE (If0 (Num 0) (Num 8) (Num 4))
8
*Main> evalAE (If0 (Num 0) (Num 3) (Num 4))
3
*Main> evalAE (If0 (Num 0) (Num (-3)) (Num 4))
*** Exception: ERROR: Only Natural Numbers are Allowed
CallStack (from HasCallStack):
  error, called at project1.hs:108:10 in main:Main
*Main> evalAE (If0 (Num (-1)) (Num 3) (Num 4))
*** Exception: ERROR: Only Natural Numbers are Allowed
CallStack (from HasCallStack):
  error, called at project1.hs:108:10 in main:Main
*Main> evalAE (If0 (Num 1) (Num 3) (Num (-4)))
*** Exception: ERROR: Only Natural Numbers are Allowed
CallStack (from HasCallStack):
  error, called at project1.hs:108:10 in main:Main
*Main> evalAEMaybe (If0 (Num 1) (Num 3) (Num 4))
Just 4
*Main> evalAEMaybe (If0 (Num (-1)) (Num 3) (Num 4))
*** Exception: ERROR: Only Natural Numbers are Allowed
CallStack (from HasCallStack):
  error, called at project1.hs:108:10 in main:Main
*Main> evalM (If0 (Num (1)) (Num 3) (Num 4))
Just 4
*Main> evalM (If0 (Num (-1)) (Num 3) (Num 4))
*** Exception: ERROR: Only Natural Numbers are Allowed
CallStack (from HasCallStack):
  error, called at project1.hs:108:10 in main:Main


-- Test Cases with interpAE
*Main> interpAE (Num 4)

<interactive>:32:11: error:
    • Couldn't match type ‘AE’ with ‘[Char]’
      Expected type: String
        Actual type: AE
    • In the first argument of ‘interpAE’, namely ‘(Num 4)’
      In the expression: interpAE (Num 4)
      In an equation for ‘it’: it = interpAE (Num 4)
